
> erp-frontend@1.0.0 build
> vite build

[36mvite v7.3.1 [32mbuilding client environment for production...[36m[39m
transforming...
[32mΓ£ô[39m 19 modules transformed.
node.exe : [31mΓ£ù[39m 
Build failed in 503ms
At line:1 char:1
+ & "C:\Program 
Files\nodejs/node.exe" "C:
\Users\JAMUNADEVI\AppData\
Roa ...
+ ~~~~~~~~~~~~~~~~~~~~~~~~
~~~~~~~~~~~~~~~~~~~~~~~~~~
~~~~~~~~~~~~~~~~~~~
    + CategoryInfo        
      : NotSpecified: (  
  [31mΓ£ù[39m Build fa   
 iled in 503ms:String)    
 [], RemoteException
    + FullyQualifiedError 
   Id : NativeCommandErr  
  or
 
[31merror during build:
[31m[vite:esbuild] 
Transform failed with 1 
error:
D:/aadhavanAgencies/src/pa
ges/Cart.jsx:63:41: 
ERROR: Syntax error 
"`"[31m
file: [36mD:/aadhavanAgen
cies/src/pages/Cart.jsx:63
:41[31m
[33m
[33mSyntax error "`"[33m
61 |      
62 |      // Add 
temporary bounce class
63 |      const btn = docu
ment.getElementById(\`qty-
btn-\${productId}-\${chang
e > 0 ? 'plus' : 
'minus'}\`);
   |                      
                     ^
64 |      if(btn) {
65 |        btn.classList.
add('bounce-anim');
[31m
    at 
failureErrorWithLog (D:\aa
dhavanAgencies\node_module
s\esbuild\lib\main.js:1467
:15)
    at D:\aadhavanAgencies
\node_modules\esbuild\lib\
main.js:736:50
    at responseCallbacks.<
computed> (D:\aadhavanAgen
cies\node_modules\esbuild\
lib\main.js:603:9)
    at 
handleIncomingPacket (D:\a
adhavanAgencies\node_modul
es\esbuild\lib\main.js:658
:12)
    at 
Socket.readFromStdout (D:\
aadhavanAgencies\node_modu
les\esbuild\lib\main.js:58
1:7)
    at Socket.emit 
(node:events:508:28)
    at addChunk (node:inte
rnal/streams/readable:559:
12)
    at readableAddChunkPus
hByteMode (node:internal/s
treams/readable:510:3)
    at Readable.push (node
:internal/streams/readable
:390:5)
    at Pipe.onStreamRead (
node:internal/stream_base_
commons:189:23)[39m
